\BOOKMARK [0][-]{chapter.1}{\376\377\0001\000\040\000v\0003\000.\0000\000\040\000r\000e\000l\000i\000s\000a\000s\000:\000\040\000C\000u\000s\000t\000o\000m\000\040\000V\000e\000c\000t\000o\000r\000<\000T\000>\000\040\000K\000o\000n\000t\000e\000i\000n\000e\000r\000i\000s\000\040}{}% 1
\BOOKMARK [0][-]{chapter.2}{\376\377\0002\000\040\000H\000i\000e\000r\000a\000r\000c\000h\000i\000j\000o\000s\000\040\000I\000n\000d\000e\000k\000s\000a\000s}{}% 2
\BOOKMARK [1][-]{section.2.1}{\376\377\0002\000.\0001\000\040\000K\000l\000a\000s\000i\001\163\000\040\000h\000i\000e\000r\000a\000r\000c\000h\000i\000j\000a}{chapter.2}% 3
\BOOKMARK [0][-]{chapter.3}{\376\377\0003\000\040\000K\000l\000a\000s\001\027\000s\000\040\000I\000n\000d\000e\000k\000s\000a\000s}{}% 4
\BOOKMARK [1][-]{section.3.1}{\376\377\0003\000.\0001\000\040\000K\000l\000a\000s\001\027\000s}{chapter.3}% 5
\BOOKMARK [0][-]{chapter.4}{\376\377\0004\000\040\000F\000a\000i\000l\000o\000\040\000I\000n\000d\000e\000k\000s\000a\000s}{}% 6
\BOOKMARK [1][-]{section.4.1}{\376\377\0004\000.\0001\000\040\000F\000a\000i\000l\000a\000i}{chapter.4}% 7
\BOOKMARK [0][-]{chapter.5}{\376\377\0005\000\040\000K\000l\000a\000s\001\027\000s\000\040\000D\000o\000k\000u\000m\000e\000n\000t\000a\000c\000i\000j\000a}{}% 8
\BOOKMARK [1][-]{section.5.1}{\376\377\0005\000.\0001\000\040\000d\000e\000q\000u\000e\000<\000\040\000T\000\040\000>\000:\000:\000c\000o\000n\000s\000t\000\137\000i\000t\000e\000r\000a\000t\000o\000r\000\040\000K\000l\000a\000s\001\027}{chapter.5}% 9
\BOOKMARK [2][-]{subsection.5.1.1}{\376\377\0005\000.\0001\000.\0001\000\040\000S\000m\000u\000l\000k\000u\000s\000\040\000a\000p\000r\000a\001\141\000y\000m\000a\000s}{section.5.1}% 10
\BOOKMARK [1][-]{section.5.2}{\376\377\0005\000.\0002\000\040\000l\000i\000s\000t\000<\000\040\000T\000\040\000>\000:\000:\000c\000o\000n\000s\000t\000\137\000i\000t\000e\000r\000a\000t\000o\000r\000\040\000K\000l\000a\000s\001\027}{chapter.5}% 11
\BOOKMARK [2][-]{subsection.5.2.1}{\376\377\0005\000.\0002\000.\0001\000\040\000S\000m\000u\000l\000k\000u\000s\000\040\000a\000p\000r\000a\001\141\000y\000m\000a\000s}{section.5.2}% 12
\BOOKMARK [1][-]{section.5.3}{\376\377\0005\000.\0003\000\040\000s\000t\000r\000i\000n\000g\000:\000:\000c\000o\000n\000s\000t\000\137\000i\000t\000e\000r\000a\000t\000o\000r\000\040\000K\000l\000a\000s\001\027}{chapter.5}% 13
\BOOKMARK [2][-]{subsection.5.3.1}{\376\377\0005\000.\0003\000.\0001\000\040\000S\000m\000u\000l\000k\000u\000s\000\040\000a\000p\000r\000a\001\141\000y\000m\000a\000s}{section.5.3}% 14
\BOOKMARK [1][-]{section.5.4}{\376\377\0005\000.\0004\000\040\000v\000e\000c\000t\000o\000r\000<\000\040\000T\000\040\000>\000:\000:\000c\000o\000n\000s\000t\000\137\000i\000t\000e\000r\000a\000t\000o\000r\000\040\000K\000l\000a\000s\001\027}{chapter.5}% 15
\BOOKMARK [2][-]{subsection.5.4.1}{\376\377\0005\000.\0004\000.\0001\000\040\000S\000m\000u\000l\000k\000u\000s\000\040\000a\000p\000r\000a\001\141\000y\000m\000a\000s}{section.5.4}% 16
\BOOKMARK [1][-]{section.5.5}{\376\377\0005\000.\0005\000\040\000d\000e\000q\000u\000e\000<\000\040\000T\000\040\000>\000:\000:\000c\000o\000n\000s\000t\000\137\000r\000e\000v\000e\000r\000s\000e\000\137\000i\000t\000e\000r\000a\000t\000o\000r\000\040\000K\000l\000a\000s\001\027}{chapter.5}% 17
\BOOKMARK [2][-]{subsection.5.5.1}{\376\377\0005\000.\0005\000.\0001\000\040\000S\000m\000u\000l\000k\000u\000s\000\040\000a\000p\000r\000a\001\141\000y\000m\000a\000s}{section.5.5}% 18
\BOOKMARK [1][-]{section.5.6}{\376\377\0005\000.\0006\000\040\000l\000i\000s\000t\000<\000\040\000T\000\040\000>\000:\000:\000c\000o\000n\000s\000t\000\137\000r\000e\000v\000e\000r\000s\000e\000\137\000i\000t\000e\000r\000a\000t\000o\000r\000\040\000K\000l\000a\000s\001\027}{chapter.5}% 19
\BOOKMARK [2][-]{subsection.5.6.1}{\376\377\0005\000.\0006\000.\0001\000\040\000S\000m\000u\000l\000k\000u\000s\000\040\000a\000p\000r\000a\001\141\000y\000m\000a\000s}{section.5.6}% 20
\BOOKMARK [1][-]{section.5.7}{\376\377\0005\000.\0007\000\040\000s\000t\000r\000i\000n\000g\000:\000:\000c\000o\000n\000s\000t\000\137\000r\000e\000v\000e\000r\000s\000e\000\137\000i\000t\000e\000r\000a\000t\000o\000r\000\040\000K\000l\000a\000s\001\027}{chapter.5}% 21
\BOOKMARK [2][-]{subsection.5.7.1}{\376\377\0005\000.\0007\000.\0001\000\040\000S\000m\000u\000l\000k\000u\000s\000\040\000a\000p\000r\000a\001\141\000y\000m\000a\000s}{section.5.7}% 22
\BOOKMARK [1][-]{section.5.8}{\376\377\0005\000.\0008\000\040\000v\000e\000c\000t\000o\000r\000<\000\040\000T\000\040\000>\000:\000:\000c\000o\000n\000s\000t\000\137\000r\000e\000v\000e\000r\000s\000e\000\137\000i\000t\000e\000r\000a\000t\000o\000r\000\040\000K\000l\000a\000s\001\027}{chapter.5}% 23
\BOOKMARK [2][-]{subsection.5.8.1}{\376\377\0005\000.\0008\000.\0001\000\040\000S\000m\000u\000l\000k\000u\000s\000\040\000a\000p\000r\000a\001\141\000y\000m\000a\000s}{section.5.8}% 24
\BOOKMARK [1][-]{section.5.9}{\376\377\0005\000.\0009\000\040\000d\000e\000q\000u\000e\000<\000\040\000T\000\040\000>\000\040\000K\000l\000a\000s\001\027\000\040\001\140\000a\000b\000l\000o\000n\000a\000s}{chapter.5}% 25
\BOOKMARK [2][-]{subsection.5.9.1}{\376\377\0005\000.\0009\000.\0001\000\040\000S\000m\000u\000l\000k\000u\000s\000\040\000a\000p\000r\000a\001\141\000y\000m\000a\000s}{section.5.9}% 26
\BOOKMARK [1][-]{section.5.10}{\376\377\0005\000.\0001\0000\000\040\000e\000x\000c\000e\000p\000t\000i\000o\000n\000\040\000K\000l\000a\000s\001\027}{chapter.5}% 27
\BOOKMARK [2][-]{subsection.5.10.1}{\376\377\0005\000.\0001\0000\000.\0001\000\040\000S\000m\000u\000l\000k\000u\000s\000\040\000a\000p\000r\000a\001\141\000y\000m\000a\000s}{section.5.10}% 28
\BOOKMARK [1][-]{section.5.11}{\376\377\0005\000.\0001\0001\000\040\000i\000f\000s\000t\000r\000e\000a\000m\000\040\000K\000l\000a\000s\001\027}{chapter.5}% 29
\BOOKMARK [2][-]{subsection.5.11.1}{\376\377\0005\000.\0001\0001\000.\0001\000\040\000S\000m\000u\000l\000k\000u\000s\000\040\000a\000p\000r\000a\001\141\000y\000m\000a\000s}{section.5.11}% 30
\BOOKMARK [1][-]{section.5.12}{\376\377\0005\000.\0001\0002\000\040\000i\000n\000v\000a\000l\000i\000d\000\137\000a\000r\000g\000u\000m\000e\000n\000t\000\040\000K\000l\000a\000s\001\027}{chapter.5}% 31
\BOOKMARK [2][-]{subsection.5.12.1}{\376\377\0005\000.\0001\0002\000.\0001\000\040\000S\000m\000u\000l\000k\000u\000s\000\040\000a\000p\000r\000a\001\141\000y\000m\000a\000s}{section.5.12}% 32
\BOOKMARK [1][-]{section.5.13}{\376\377\0005\000.\0001\0003\000\040\000i\000s\000t\000r\000e\000a\000m\000\040\000K\000l\000a\000s\001\027}{chapter.5}% 33
\BOOKMARK [2][-]{subsection.5.13.1}{\376\377\0005\000.\0001\0003\000.\0001\000\040\000S\000m\000u\000l\000k\000u\000s\000\040\000a\000p\000r\000a\001\141\000y\000m\000a\000s}{section.5.13}% 34
\BOOKMARK [1][-]{section.5.14}{\376\377\0005\000.\0001\0004\000\040\000d\000e\000q\000u\000e\000<\000\040\000T\000\040\000>\000:\000:\000i\000t\000e\000r\000a\000t\000o\000r\000\040\000K\000l\000a\000s\001\027}{chapter.5}% 35
\BOOKMARK [2][-]{subsection.5.14.1}{\376\377\0005\000.\0001\0004\000.\0001\000\040\000S\000m\000u\000l\000k\000u\000s\000\040\000a\000p\000r\000a\001\141\000y\000m\000a\000s}{section.5.14}% 36
\BOOKMARK [1][-]{section.5.15}{\376\377\0005\000.\0001\0005\000\040\000l\000i\000s\000t\000<\000\040\000T\000\040\000>\000:\000:\000i\000t\000e\000r\000a\000t\000o\000r\000\040\000K\000l\000a\000s\001\027}{chapter.5}% 37
\BOOKMARK [2][-]{subsection.5.15.1}{\376\377\0005\000.\0001\0005\000.\0001\000\040\000S\000m\000u\000l\000k\000u\000s\000\040\000a\000p\000r\000a\001\141\000y\000m\000a\000s}{section.5.15}% 38
\BOOKMARK [1][-]{section.5.16}{\376\377\0005\000.\0001\0006\000\040\000s\000t\000r\000i\000n\000g\000:\000:\000i\000t\000e\000r\000a\000t\000o\000r\000\040\000K\000l\000a\000s\001\027}{chapter.5}% 39
\BOOKMARK [2][-]{subsection.5.16.1}{\376\377\0005\000.\0001\0006\000.\0001\000\040\000S\000m\000u\000l\000k\000u\000s\000\040\000a\000p\000r\000a\001\141\000y\000m\000a\000s}{section.5.16}% 40
\BOOKMARK [1][-]{section.5.17}{\376\377\0005\000.\0001\0007\000\040\000v\000e\000c\000t\000o\000r\000<\000\040\000T\000\040\000>\000:\000:\000i\000t\000e\000r\000a\000t\000o\000r\000\040\000K\000l\000a\000s\001\027}{chapter.5}% 41
\BOOKMARK [2][-]{subsection.5.17.1}{\376\377\0005\000.\0001\0007\000.\0001\000\040\000S\000m\000u\000l\000k\000u\000s\000\040\000a\000p\000r\000a\001\141\000y\000m\000a\000s}{section.5.17}% 42
\BOOKMARK [1][-]{section.5.18}{\376\377\0005\000.\0001\0008\000\040\000l\000i\000s\000t\000<\000\040\000T\000\040\000>\000\040\000K\000l\000a\000s\001\027\000\040\001\140\000a\000b\000l\000o\000n\000a\000s}{chapter.5}% 43
\BOOKMARK [2][-]{subsection.5.18.1}{\376\377\0005\000.\0001\0008\000.\0001\000\040\000S\000m\000u\000l\000k\000u\000s\000\040\000a\000p\000r\000a\001\141\000y\000m\000a\000s}{section.5.18}% 44
\BOOKMARK [1][-]{section.5.19}{\376\377\0005\000.\0001\0009\000\040\000o\000f\000s\000t\000r\000e\000a\000m\000\040\000K\000l\000a\000s\001\027}{chapter.5}% 45
\BOOKMARK [2][-]{subsection.5.19.1}{\376\377\0005\000.\0001\0009\000.\0001\000\040\000S\000m\000u\000l\000k\000u\000s\000\040\000a\000p\000r\000a\001\141\000y\000m\000a\000s}{section.5.19}% 46
\BOOKMARK [1][-]{section.5.20}{\376\377\0005\000.\0002\0000\000\040\000o\000s\000t\000r\000e\000a\000m\000\040\000K\000l\000a\000s\001\027}{chapter.5}% 47
\BOOKMARK [2][-]{subsection.5.20.1}{\376\377\0005\000.\0002\0000\000.\0001\000\040\000S\000m\000u\000l\000k\000u\000s\000\040\000a\000p\000r\000a\001\141\000y\000m\000a\000s}{section.5.20}% 48
\BOOKMARK [1][-]{section.5.21}{\376\377\0005\000.\0002\0001\000\040\000d\000e\000q\000u\000e\000<\000\040\000T\000\040\000>\000:\000:\000r\000e\000v\000e\000r\000s\000e\000\137\000i\000t\000e\000r\000a\000t\000o\000r\000\040\000K\000l\000a\000s\001\027}{chapter.5}% 49
\BOOKMARK [2][-]{subsection.5.21.1}{\376\377\0005\000.\0002\0001\000.\0001\000\040\000S\000m\000u\000l\000k\000u\000s\000\040\000a\000p\000r\000a\001\141\000y\000m\000a\000s}{section.5.21}% 50
\BOOKMARK [1][-]{section.5.22}{\376\377\0005\000.\0002\0002\000\040\000l\000i\000s\000t\000<\000\040\000T\000\040\000>\000:\000:\000r\000e\000v\000e\000r\000s\000e\000\137\000i\000t\000e\000r\000a\000t\000o\000r\000\040\000K\000l\000a\000s\001\027}{chapter.5}% 51
\BOOKMARK [2][-]{subsection.5.22.1}{\376\377\0005\000.\0002\0002\000.\0001\000\040\000S\000m\000u\000l\000k\000u\000s\000\040\000a\000p\000r\000a\001\141\000y\000m\000a\000s}{section.5.22}% 52
\BOOKMARK [1][-]{section.5.23}{\376\377\0005\000.\0002\0003\000\040\000s\000t\000r\000i\000n\000g\000:\000:\000r\000e\000v\000e\000r\000s\000e\000\137\000i\000t\000e\000r\000a\000t\000o\000r\000\040\000K\000l\000a\000s\001\027}{chapter.5}% 53
\BOOKMARK [2][-]{subsection.5.23.1}{\376\377\0005\000.\0002\0003\000.\0001\000\040\000S\000m\000u\000l\000k\000u\000s\000\040\000a\000p\000r\000a\001\141\000y\000m\000a\000s}{section.5.23}% 54
\BOOKMARK [1][-]{section.5.24}{\376\377\0005\000.\0002\0004\000\040\000v\000e\000c\000t\000o\000r\000<\000\040\000T\000\040\000>\000:\000:\000r\000e\000v\000e\000r\000s\000e\000\137\000i\000t\000e\000r\000a\000t\000o\000r\000\040\000K\000l\000a\000s\001\027}{chapter.5}% 55
\BOOKMARK [2][-]{subsection.5.24.1}{\376\377\0005\000.\0002\0004\000.\0001\000\040\000S\000m\000u\000l\000k\000u\000s\000\040\000a\000p\000r\000a\001\141\000y\000m\000a\000s}{section.5.24}% 56
\BOOKMARK [1][-]{section.5.25}{\376\377\0005\000.\0002\0005\000\040\000r\000u\000n\000t\000i\000m\000e\000\137\000e\000r\000r\000o\000r\000\040\000K\000l\000a\000s\001\027}{chapter.5}% 57
\BOOKMARK [2][-]{subsection.5.25.1}{\376\377\0005\000.\0002\0005\000.\0001\000\040\000S\000m\000u\000l\000k\000u\000s\000\040\000a\000p\000r\000a\001\141\000y\000m\000a\000s}{section.5.25}% 58
\BOOKMARK [1][-]{section.5.26}{\376\377\0005\000.\0002\0006\000\040\000s\000t\000r\000i\000n\000g\000\040\000K\000l\000a\000s\001\027}{chapter.5}% 59
\BOOKMARK [2][-]{subsection.5.26.1}{\376\377\0005\000.\0002\0006\000.\0001\000\040\000S\000m\000u\000l\000k\000u\000s\000\040\000a\000p\000r\000a\001\141\000y\000m\000a\000s}{section.5.26}% 60
\BOOKMARK [1][-]{section.5.27}{\376\377\0005\000.\0002\0007\000\040\000s\000t\000r\000i\000n\000g\000s\000t\000r\000e\000a\000m\000\040\000K\000l\000a\000s\001\027}{chapter.5}% 61
\BOOKMARK [2][-]{subsection.5.27.1}{\376\377\0005\000.\0002\0007\000.\0001\000\040\000S\000m\000u\000l\000k\000u\000s\000\040\000a\000p\000r\000a\001\141\000y\000m\000a\000s}{section.5.27}% 62
\BOOKMARK [1][-]{section.5.28}{\376\377\0005\000.\0002\0008\000\040\000S\000t\000u\000d\000e\000n\000t\000a\000s\000\040\000K\000l\000a\000s\001\027}{chapter.5}% 63
\BOOKMARK [2][-]{subsection.5.28.1}{\376\377\0005\000.\0002\0008\000.\0001\000\040\000S\000m\000u\000l\000k\000u\000s\000\040\000a\000p\000r\000a\001\141\000y\000m\000a\000s}{section.5.28}% 64
\BOOKMARK [2][-]{subsection.5.28.2}{\376\377\0005\000.\0002\0008\000.\0002\000\040\000K\000o\000n\000s\000t\000r\000u\000k\000t\000o\000r\000i\000a\000u\000s\000\040\000i\000r\000\040\000D\000e\000s\000t\000r\000u\000k\000t\000o\000r\000i\000a\000u\000s\000\040\000D\000o\000k\000u\000m\000e\000n\000t\000a\000c\000i\000j\000a}{section.5.28}% 65
\BOOKMARK [3][-]{subsubsection.5.28.2.1}{\376\377\0005\000.\0002\0008\000.\0002\000.\0001\000\040\000S\000t\000u\000d\000e\000n\000t\000a\000s\000\050\000\051\000\040\000[\0001\000/\0005\000]}{subsection.5.28.2}% 66
\BOOKMARK [3][-]{subsubsection.5.28.2.2}{\376\377\0005\000.\0002\0008\000.\0002\000.\0002\000\040\000S\000t\000u\000d\000e\000n\000t\000a\000s\000\050\000\051\000\040\000[\0002\000/\0005\000]}{subsection.5.28.2}% 67
\BOOKMARK [3][-]{subsubsection.5.28.2.3}{\376\377\0005\000.\0002\0008\000.\0002\000.\0003\000\040\000S\000t\000u\000d\000e\000n\000t\000a\000s\000\050\000\051\000\040\000[\0003\000/\0005\000]}{subsection.5.28.2}% 68
\BOOKMARK [3][-]{subsubsection.5.28.2.4}{\376\377\0005\000.\0002\0008\000.\0002\000.\0004\000\040\000~\000S\000t\000u\000d\000e\000n\000t\000a\000s\000\050\000\051}{subsection.5.28.2}% 69
\BOOKMARK [3][-]{subsubsection.5.28.2.5}{\376\377\0005\000.\0002\0008\000.\0002\000.\0005\000\040\000S\000t\000u\000d\000e\000n\000t\000a\000s\000\050\000\051\000\040\000[\0004\000/\0005\000]}{subsection.5.28.2}% 70
\BOOKMARK [3][-]{subsubsection.5.28.2.6}{\376\377\0005\000.\0002\0008\000.\0002\000.\0006\000\040\000S\000t\000u\000d\000e\000n\000t\000a\000s\000\050\000\051\000\040\000[\0005\000/\0005\000]}{subsection.5.28.2}% 71
\BOOKMARK [2][-]{subsection.5.28.3}{\376\377\0005\000.\0002\0008\000.\0003\000\040\000M\000e\000t\000o\000d\001\163\000\040\000D\000o\000k\000u\000m\000e\000n\000t\000a\000c\000i\000j\000a}{section.5.28}% 72
\BOOKMARK [3][-]{subsubsection.5.28.3.1}{\376\377\0005\000.\0002\0008\000.\0003\000.\0001\000\040\000a\000d\000d\000P\000a\000z\000\050\000\051}{subsection.5.28.3}% 73
\BOOKMARK [3][-]{subsubsection.5.28.3.2}{\376\377\0005\000.\0002\0008\000.\0003\000.\0002\000\040\000c\000l\000e\000a\000r\000P\000a\000z\000\050\000\051}{subsection.5.28.3}% 74
\BOOKMARK [3][-]{subsubsection.5.28.3.3}{\376\377\0005\000.\0002\0008\000.\0003\000.\0003\000\040\000g\000e\000t\000E\000g\000z\000\050\000\051}{subsection.5.28.3}% 75
\BOOKMARK [3][-]{subsubsection.5.28.3.4}{\376\377\0005\000.\0002\0008\000.\0003\000.\0004\000\040\000g\000e\000t\000I\000n\000f\000o\000\050\000\051}{subsection.5.28.3}% 76
\BOOKMARK [3][-]{subsubsection.5.28.3.5}{\376\377\0005\000.\0002\0008\000.\0003\000.\0005\000\040\000g\000e\000t\000M\000e\000d\000\050\000\051}{subsection.5.28.3}% 77
\BOOKMARK [3][-]{subsubsection.5.28.3.6}{\376\377\0005\000.\0002\0008\000.\0003\000.\0006\000\040\000g\000e\000t\000P\000a\000z\000\050\000\051\000\040\000[\0001\000/\0002\000]}{subsection.5.28.3}% 78
\BOOKMARK [3][-]{subsubsection.5.28.3.7}{\376\377\0005\000.\0002\0008\000.\0003\000.\0007\000\040\000g\000e\000t\000P\000a\000z\000\050\000\051\000\040\000[\0002\000/\0002\000]}{subsection.5.28.3}% 79
\BOOKMARK [3][-]{subsubsection.5.28.3.8}{\376\377\0005\000.\0002\0008\000.\0003\000.\0008\000\040\000g\000e\000t\000R\000e\000z\000\050\000\051}{subsection.5.28.3}% 80
\BOOKMARK [3][-]{subsubsection.5.28.3.9}{\376\377\0005\000.\0002\0008\000.\0003\000.\0009\000\040\000i\000s\000P\000a\000z\000E\000m\000p\000t\000y\000\050\000\051}{subsection.5.28.3}% 81
\BOOKMARK [3][-]{subsubsection.5.28.3.10}{\376\377\0005\000.\0002\0008\000.\0003\000.\0001\0000\000\040\000o\000p\000e\000r\000a\000t\000o\000r\000=\000\050\000\051\000\040\000[\0001\000/\0002\000]}{subsection.5.28.3}% 82
\BOOKMARK [3][-]{subsubsection.5.28.3.11}{\376\377\0005\000.\0002\0008\000.\0003\000.\0001\0001\000\040\000o\000p\000e\000r\000a\000t\000o\000r\000=\000\050\000\051\000\040\000[\0002\000/\0002\000]}{subsection.5.28.3}% 83
\BOOKMARK [3][-]{subsubsection.5.28.3.12}{\376\377\0005\000.\0002\0008\000.\0003\000.\0001\0002\000\040\000r\000e\000a\000d\000S\000t\000u\000d\000e\000n\000t\000\050\000\051}{subsection.5.28.3}% 84
\BOOKMARK [3][-]{subsubsection.5.28.3.13}{\376\377\0005\000.\0002\0008\000.\0003\000.\0001\0003\000\040\000r\000e\000s\000e\000r\000v\000e\000P\000a\000z\000\050\000\051}{subsection.5.28.3}% 85
\BOOKMARK [3][-]{subsubsection.5.28.3.14}{\376\377\0005\000.\0002\0008\000.\0003\000.\0001\0004\000\040\000s\000e\000t\000E\000g\000z\000\050\000\051}{subsection.5.28.3}% 86
\BOOKMARK [3][-]{subsubsection.5.28.3.15}{\376\377\0005\000.\0002\0008\000.\0003\000.\0001\0005\000\040\000s\000e\000t\000M\000e\000d\000\050\000\051}{subsection.5.28.3}% 87
\BOOKMARK [3][-]{subsubsection.5.28.3.16}{\376\377\0005\000.\0002\0008\000.\0003\000.\0001\0006\000\040\000s\000e\000t\000P\000a\000z\000\050\000\051}{subsection.5.28.3}% 88
\BOOKMARK [3][-]{subsubsection.5.28.3.17}{\376\377\0005\000.\0002\0008\000.\0003\000.\0001\0007\000\040\000s\000e\000t\000R\000e\000z\000\050\000\051}{subsection.5.28.3}% 89
\BOOKMARK [2][-]{subsection.5.28.4}{\376\377\0005\000.\0002\0008\000.\0004\000\040\000D\000r\000a\000u\000g\000i\001\141\000k\001\163\000\040\000I\000r\000\040\000S\000u\000s\000i\000j\000u\000s\000i\001\163\000\040\000F\000u\000n\000k\000c\000i\000j\001\163\000\040\000D\000o\000k\000u\000m\000e\000n\000t\000a\000c\000i\000j\000a}{section.5.28}% 90
\BOOKMARK [3][-]{subsubsection.5.28.4.1}{\376\377\0005\000.\0002\0008\000.\0004\000.\0001\000\040\000o\000p\000e\000r\000a\000t\000o\000r\000<\000<}{subsection.5.28.4}% 91
\BOOKMARK [3][-]{subsubsection.5.28.4.2}{\376\377\0005\000.\0002\0008\000.\0004\000.\0002\000\040\000o\000p\000e\000r\000a\000t\000o\000r\000>\000>}{subsection.5.28.4}% 92
\BOOKMARK [1][-]{section.5.29}{\376\377\0005\000.\0002\0009\000\040\000V\000e\000c\000t\000o\000r\000<\000\040\000T\000\040\000>\000\040\000K\000l\000a\000s\001\027\000\040\001\140\000a\000b\000l\000o\000n\000a\000s}{chapter.5}% 93
\BOOKMARK [2][-]{subsection.5.29.1}{\376\377\0005\000.\0002\0009\000.\0001\000\040\000S\000m\000u\000l\000k\000u\000s\000\040\000a\000p\000r\000a\001\141\000y\000m\000a\000s}{section.5.29}% 94
\BOOKMARK [2][-]{subsection.5.29.2}{\376\377\0005\000.\0002\0009\000.\0002\000\040\000T\000i\000p\000o\000\040\000A\000p\000r\000a\001\141\000y\000m\000o\000\040\000D\000o\000k\000u\000m\000e\000n\000t\000a\000c\000i\000j\000a}{section.5.29}% 95
\BOOKMARK [3][-]{subsubsection.5.29.2.1}{\376\377\0005\000.\0002\0009\000.\0002\000.\0001\000\040\000c\000o\000n\000s\000t\000\137\000i\000t\000e\000r\000a\000t\000o\000r}{subsection.5.29.2}% 96
\BOOKMARK [3][-]{subsubsection.5.29.2.2}{\376\377\0005\000.\0002\0009\000.\0002\000.\0002\000\040\000c\000o\000n\000s\000t\000\137\000r\000e\000v\000e\000r\000s\000e\000\137\000i\000t\000e\000r\000a\000t\000o\000r}{subsection.5.29.2}% 97
\BOOKMARK [3][-]{subsubsection.5.29.2.3}{\376\377\0005\000.\0002\0009\000.\0002\000.\0003\000\040\000i\000t\000e\000r\000a\000t\000o\000r}{subsection.5.29.2}% 98
\BOOKMARK [3][-]{subsubsection.5.29.2.4}{\376\377\0005\000.\0002\0009\000.\0002\000.\0004\000\040\000r\000e\000v\000e\000r\000s\000e\000\137\000i\000t\000e\000r\000a\000t\000o\000r}{subsection.5.29.2}% 99
\BOOKMARK [2][-]{subsection.5.29.3}{\376\377\0005\000.\0002\0009\000.\0003\000\040\000K\000o\000n\000s\000t\000r\000u\000k\000t\000o\000r\000i\000a\000u\000s\000\040\000i\000r\000\040\000D\000e\000s\000t\000r\000u\000k\000t\000o\000r\000i\000a\000u\000s\000\040\000D\000o\000k\000u\000m\000e\000n\000t\000a\000c\000i\000j\000a}{section.5.29}% 100
\BOOKMARK [3][-]{subsubsection.5.29.3.1}{\376\377\0005\000.\0002\0009\000.\0003\000.\0001\000\040\000V\000e\000c\000t\000o\000r\000\050\000\051\000\040\000[\0001\000/\0006\000]}{subsection.5.29.3}% 101
\BOOKMARK [3][-]{subsubsection.5.29.3.2}{\376\377\0005\000.\0002\0009\000.\0003\000.\0002\000\040\000V\000e\000c\000t\000o\000r\000\050\000\051\000\040\000[\0002\000/\0006\000]}{subsection.5.29.3}% 102
\BOOKMARK [3][-]{subsubsection.5.29.3.3}{\376\377\0005\000.\0002\0009\000.\0003\000.\0003\000\040\000V\000e\000c\000t\000o\000r\000\050\000\051\000\040\000[\0003\000/\0006\000]}{subsection.5.29.3}% 103
\BOOKMARK [3][-]{subsubsection.5.29.3.4}{\376\377\0005\000.\0002\0009\000.\0003\000.\0004\000\040\000V\000e\000c\000t\000o\000r\000\050\000\051\000\040\000[\0004\000/\0006\000]}{subsection.5.29.3}% 104
\BOOKMARK [3][-]{subsubsection.5.29.3.5}{\376\377\0005\000.\0002\0009\000.\0003\000.\0005\000\040\000~\000V\000e\000c\000t\000o\000r\000\050\000\051}{subsection.5.29.3}% 105
\BOOKMARK [3][-]{subsubsection.5.29.3.6}{\376\377\0005\000.\0002\0009\000.\0003\000.\0006\000\040\000V\000e\000c\000t\000o\000r\000\050\000\051\000\040\000[\0005\000/\0006\000]}{subsection.5.29.3}% 106
\BOOKMARK [3][-]{subsubsection.5.29.3.7}{\376\377\0005\000.\0002\0009\000.\0003\000.\0007\000\040\000V\000e\000c\000t\000o\000r\000\050\000\051\000\040\000[\0006\000/\0006\000]}{subsection.5.29.3}% 107
\BOOKMARK [2][-]{subsection.5.29.4}{\376\377\0005\000.\0002\0009\000.\0004\000\040\000M\000e\000t\000o\000d\001\163\000\040\000D\000o\000k\000u\000m\000e\000n\000t\000a\000c\000i\000j\000a}{section.5.29}% 108
\BOOKMARK [3][-]{subsubsection.5.29.4.1}{\376\377\0005\000.\0002\0009\000.\0004\000.\0001\000\040\000a\000s\000s\000i\000g\000n\000\050\000\051\000\040\000[\0001\000/\0002\000]}{subsection.5.29.4}% 109
\BOOKMARK [3][-]{subsubsection.5.29.4.2}{\376\377\0005\000.\0002\0009\000.\0004\000.\0002\000\040\000a\000s\000s\000i\000g\000n\000\050\000\051\000\040\000[\0002\000/\0002\000]}{subsection.5.29.4}% 110
\BOOKMARK [3][-]{subsubsection.5.29.4.3}{\376\377\0005\000.\0002\0009\000.\0004\000.\0003\000\040\000a\000t\000\050\000\051\000\040\000[\0001\000/\0002\000]}{subsection.5.29.4}% 111
\BOOKMARK [3][-]{subsubsection.5.29.4.4}{\376\377\0005\000.\0002\0009\000.\0004\000.\0004\000\040\000a\000t\000\050\000\051\000\040\000[\0002\000/\0002\000]}{subsection.5.29.4}% 112
\BOOKMARK [3][-]{subsubsection.5.29.4.5}{\376\377\0005\000.\0002\0009\000.\0004\000.\0005\000\040\000b\000a\000c\000k\000\050\000\051\000\040\000[\0001\000/\0002\000]}{subsection.5.29.4}% 113
\BOOKMARK [3][-]{subsubsection.5.29.4.6}{\376\377\0005\000.\0002\0009\000.\0004\000.\0006\000\040\000b\000a\000c\000k\000\050\000\051\000\040\000[\0002\000/\0002\000]}{subsection.5.29.4}% 114
\BOOKMARK [3][-]{subsubsection.5.29.4.7}{\376\377\0005\000.\0002\0009\000.\0004\000.\0007\000\040\000b\000e\000g\000i\000n\000\050\000\051\000\040\000[\0001\000/\0002\000]}{subsection.5.29.4}% 115
\BOOKMARK [3][-]{subsubsection.5.29.4.8}{\376\377\0005\000.\0002\0009\000.\0004\000.\0008\000\040\000b\000e\000g\000i\000n\000\050\000\051\000\040\000[\0002\000/\0002\000]}{subsection.5.29.4}% 116
\BOOKMARK [3][-]{subsubsection.5.29.4.9}{\376\377\0005\000.\0002\0009\000.\0004\000.\0009\000\040\000c\000a\000p\000a\000c\000i\000t\000y\000\050\000\051}{subsection.5.29.4}% 117
\BOOKMARK [3][-]{subsubsection.5.29.4.10}{\376\377\0005\000.\0002\0009\000.\0004\000.\0001\0000\000\040\000c\000b\000e\000g\000i\000n\000\050\000\051}{subsection.5.29.4}% 118
\BOOKMARK [3][-]{subsubsection.5.29.4.11}{\376\377\0005\000.\0002\0009\000.\0004\000.\0001\0001\000\040\000c\000e\000n\000d\000\050\000\051}{subsection.5.29.4}% 119
\BOOKMARK [3][-]{subsubsection.5.29.4.12}{\376\377\0005\000.\0002\0009\000.\0004\000.\0001\0002\000\040\000c\000l\000e\000a\000r\000\050\000\051}{subsection.5.29.4}% 120
\BOOKMARK [3][-]{subsubsection.5.29.4.13}{\376\377\0005\000.\0002\0009\000.\0004\000.\0001\0003\000\040\000c\000r\000b\000e\000g\000i\000n\000\050\000\051}{subsection.5.29.4}% 121
\BOOKMARK [3][-]{subsubsection.5.29.4.14}{\376\377\0005\000.\0002\0009\000.\0004\000.\0001\0004\000\040\000c\000r\000e\000n\000d\000\050\000\051}{subsection.5.29.4}% 122
\BOOKMARK [3][-]{subsubsection.5.29.4.15}{\376\377\0005\000.\0002\0009\000.\0004\000.\0001\0005\000\040\000d\000a\000t\000a\000\050\000\051\000\040\000[\0001\000/\0002\000]}{subsection.5.29.4}% 123
\BOOKMARK [3][-]{subsubsection.5.29.4.16}{\376\377\0005\000.\0002\0009\000.\0004\000.\0001\0006\000\040\000d\000a\000t\000a\000\050\000\051\000\040\000[\0002\000/\0002\000]}{subsection.5.29.4}% 124
\BOOKMARK [3][-]{subsubsection.5.29.4.17}{\376\377\0005\000.\0002\0009\000.\0004\000.\0001\0007\000\040\000e\000m\000p\000l\000a\000c\000e\000\050\000\051}{subsection.5.29.4}% 125
\BOOKMARK [3][-]{subsubsection.5.29.4.18}{\376\377\0005\000.\0002\0009\000.\0004\000.\0001\0008\000\040\000e\000m\000p\000l\000a\000c\000e\000\137\000b\000a\000c\000k\000\050\000\051}{subsection.5.29.4}% 126
\BOOKMARK [3][-]{subsubsection.5.29.4.19}{\376\377\0005\000.\0002\0009\000.\0004\000.\0001\0009\000\040\000e\000m\000p\000t\000y\000\050\000\051}{subsection.5.29.4}% 127
\BOOKMARK [3][-]{subsubsection.5.29.4.20}{\376\377\0005\000.\0002\0009\000.\0004\000.\0002\0000\000\040\000e\000n\000d\000\050\000\051\000\040\000[\0001\000/\0002\000]}{subsection.5.29.4}% 128
\BOOKMARK [3][-]{subsubsection.5.29.4.21}{\376\377\0005\000.\0002\0009\000.\0004\000.\0002\0001\000\040\000e\000n\000d\000\050\000\051\000\040\000[\0002\000/\0002\000]}{subsection.5.29.4}% 129
\BOOKMARK [3][-]{subsubsection.5.29.4.22}{\376\377\0005\000.\0002\0009\000.\0004\000.\0002\0002\000\040\000e\000r\000a\000s\000e\000\050\000\051\000\040\000[\0001\000/\0004\000]}{subsection.5.29.4}% 130
\BOOKMARK [3][-]{subsubsection.5.29.4.23}{\376\377\0005\000.\0002\0009\000.\0004\000.\0002\0003\000\040\000e\000r\000a\000s\000e\000\050\000\051\000\040\000[\0002\000/\0004\000]}{subsection.5.29.4}% 131
\BOOKMARK [3][-]{subsubsection.5.29.4.24}{\376\377\0005\000.\0002\0009\000.\0004\000.\0002\0004\000\040\000e\000r\000a\000s\000e\000\050\000\051\000\040\000[\0003\000/\0004\000]}{subsection.5.29.4}% 132
\BOOKMARK [3][-]{subsubsection.5.29.4.25}{\376\377\0005\000.\0002\0009\000.\0004\000.\0002\0005\000\040\000e\000r\000a\000s\000e\000\050\000\051\000\040\000[\0004\000/\0004\000]}{subsection.5.29.4}% 133
\BOOKMARK [3][-]{subsubsection.5.29.4.26}{\376\377\0005\000.\0002\0009\000.\0004\000.\0002\0006\000\040\000f\000r\000o\000n\000t\000\050\000\051\000\040\000[\0001\000/\0002\000]}{subsection.5.29.4}% 134
\BOOKMARK [3][-]{subsubsection.5.29.4.27}{\376\377\0005\000.\0002\0009\000.\0004\000.\0002\0007\000\040\000f\000r\000o\000n\000t\000\050\000\051\000\040\000[\0002\000/\0002\000]}{subsection.5.29.4}% 135
\BOOKMARK [3][-]{subsubsection.5.29.4.28}{\376\377\0005\000.\0002\0009\000.\0004\000.\0002\0008\000\040\000g\000e\000t\000\137\000r\000e\000a\000l\000l\000o\000c\000a\000t\000i\000o\000n\000\137\000c\000o\000u\000n\000t\000\050\000\051}{subsection.5.29.4}% 136
\BOOKMARK [3][-]{subsubsection.5.29.4.29}{\376\377\0005\000.\0002\0009\000.\0004\000.\0002\0009\000\040\000i\000n\000s\000e\000r\000t\000\050\000\051\000\040\000[\0001\000/\0004\000]}{subsection.5.29.4}% 137
\BOOKMARK [3][-]{subsubsection.5.29.4.30}{\376\377\0005\000.\0002\0009\000.\0004\000.\0003\0000\000\040\000i\000n\000s\000e\000r\000t\000\050\000\051\000\040\000[\0002\000/\0004\000]}{subsection.5.29.4}% 138
\BOOKMARK [3][-]{subsubsection.5.29.4.31}{\376\377\0005\000.\0002\0009\000.\0004\000.\0003\0001\000\040\000i\000n\000s\000e\000r\000t\000\050\000\051\000\040\000[\0003\000/\0004\000]}{subsection.5.29.4}% 139
\BOOKMARK [3][-]{subsubsection.5.29.4.32}{\376\377\0005\000.\0002\0009\000.\0004\000.\0003\0002\000\040\000i\000n\000s\000e\000r\000t\000\050\000\051\000\040\000[\0004\000/\0004\000]}{subsection.5.29.4}% 140
\BOOKMARK [3][-]{subsubsection.5.29.4.33}{\376\377\0005\000.\0002\0009\000.\0004\000.\0003\0003\000\040\000m\000a\000x\000\137\000s\000i\000z\000e\000\050\000\051}{subsection.5.29.4}% 141
\BOOKMARK [3][-]{subsubsection.5.29.4.34}{\376\377\0005\000.\0002\0009\000.\0004\000.\0003\0004\000\040\000o\000p\000e\000r\000a\000t\000o\000r\000!\000=\000\050\000\051}{subsection.5.29.4}% 142
\BOOKMARK [3][-]{subsubsection.5.29.4.35}{\376\377\0005\000.\0002\0009\000.\0004\000.\0003\0005\000\040\000o\000p\000e\000r\000a\000t\000o\000r\000<\000\050\000\051}{subsection.5.29.4}% 143
\BOOKMARK [3][-]{subsubsection.5.29.4.36}{\376\377\0005\000.\0002\0009\000.\0004\000.\0003\0006\000\040\000o\000p\000e\000r\000a\000t\000o\000r\000<\000=\000\050\000\051}{subsection.5.29.4}% 144
\BOOKMARK [3][-]{subsubsection.5.29.4.37}{\376\377\0005\000.\0002\0009\000.\0004\000.\0003\0007\000\040\000o\000p\000e\000r\000a\000t\000o\000r\000=\000\050\000\051\000\040\000[\0001\000/\0002\000]}{subsection.5.29.4}% 145
\BOOKMARK [3][-]{subsubsection.5.29.4.38}{\376\377\0005\000.\0002\0009\000.\0004\000.\0003\0008\000\040\000o\000p\000e\000r\000a\000t\000o\000r\000=\000\050\000\051\000\040\000[\0002\000/\0002\000]}{subsection.5.29.4}% 146
\BOOKMARK [3][-]{subsubsection.5.29.4.39}{\376\377\0005\000.\0002\0009\000.\0004\000.\0003\0009\000\040\000o\000p\000e\000r\000a\000t\000o\000r\000=\000=\000\050\000\051}{subsection.5.29.4}% 147
\BOOKMARK [3][-]{subsubsection.5.29.4.40}{\376\377\0005\000.\0002\0009\000.\0004\000.\0004\0000\000\040\000o\000p\000e\000r\000a\000t\000o\000r\000>\000\050\000\051}{subsection.5.29.4}% 148
\BOOKMARK [3][-]{subsubsection.5.29.4.41}{\376\377\0005\000.\0002\0009\000.\0004\000.\0004\0001\000\040\000o\000p\000e\000r\000a\000t\000o\000r\000>\000=\000\050\000\051}{subsection.5.29.4}% 149
\BOOKMARK [3][-]{subsubsection.5.29.4.42}{\376\377\0005\000.\0002\0009\000.\0004\000.\0004\0002\000\040\000o\000p\000e\000r\000a\000t\000o\000r\000[\000]\000\050\000\051\000\040\000[\0001\000/\0002\000]}{subsection.5.29.4}% 150
\BOOKMARK [3][-]{subsubsection.5.29.4.43}{\376\377\0005\000.\0002\0009\000.\0004\000.\0004\0003\000\040\000o\000p\000e\000r\000a\000t\000o\000r\000[\000]\000\050\000\051\000\040\000[\0002\000/\0002\000]}{subsection.5.29.4}% 151
\BOOKMARK [3][-]{subsubsection.5.29.4.44}{\376\377\0005\000.\0002\0009\000.\0004\000.\0004\0004\000\040\000p\000o\000p\000\137\000b\000a\000c\000k\000\050\000\051}{subsection.5.29.4}% 152
\BOOKMARK [3][-]{subsubsection.5.29.4.45}{\376\377\0005\000.\0002\0009\000.\0004\000.\0004\0005\000\040\000p\000u\000s\000h\000\137\000b\000a\000c\000k\000\050\000\051\000\040\000[\0001\000/\0002\000]}{subsection.5.29.4}% 153
\BOOKMARK [3][-]{subsubsection.5.29.4.46}{\376\377\0005\000.\0002\0009\000.\0004\000.\0004\0006\000\040\000p\000u\000s\000h\000\137\000b\000a\000c\000k\000\050\000\051\000\040\000[\0002\000/\0002\000]}{subsection.5.29.4}% 154
\BOOKMARK [3][-]{subsubsection.5.29.4.47}{\376\377\0005\000.\0002\0009\000.\0004\000.\0004\0007\000\040\000r\000b\000e\000g\000i\000n\000\050\000\051\000\040\000[\0001\000/\0002\000]}{subsection.5.29.4}% 155
\BOOKMARK [3][-]{subsubsection.5.29.4.48}{\376\377\0005\000.\0002\0009\000.\0004\000.\0004\0008\000\040\000r\000b\000e\000g\000i\000n\000\050\000\051\000\040\000[\0002\000/\0002\000]}{subsection.5.29.4}% 156
\BOOKMARK [3][-]{subsubsection.5.29.4.49}{\376\377\0005\000.\0002\0009\000.\0004\000.\0004\0009\000\040\000r\000e\000n\000d\000\050\000\051\000\040\000[\0001\000/\0002\000]}{subsection.5.29.4}% 157
\BOOKMARK [3][-]{subsubsection.5.29.4.50}{\376\377\0005\000.\0002\0009\000.\0004\000.\0005\0000\000\040\000r\000e\000n\000d\000\050\000\051\000\040\000[\0002\000/\0002\000]}{subsection.5.29.4}% 158
\BOOKMARK [3][-]{subsubsection.5.29.4.51}{\376\377\0005\000.\0002\0009\000.\0004\000.\0005\0001\000\040\000r\000e\000s\000e\000r\000v\000e\000\050\000\051}{subsection.5.29.4}% 159
\BOOKMARK [3][-]{subsubsection.5.29.4.52}{\376\377\0005\000.\0002\0009\000.\0004\000.\0005\0002\000\040\000r\000e\000s\000e\000t\000\137\000r\000e\000a\000l\000l\000o\000c\000a\000t\000i\000o\000n\000\137\000c\000o\000u\000n\000t\000\050\000\051}{subsection.5.29.4}% 160
\BOOKMARK [3][-]{subsubsection.5.29.4.53}{\376\377\0005\000.\0002\0009\000.\0004\000.\0005\0003\000\040\000r\000e\000s\000i\000z\000e\000\050\000\051\000\040\000[\0001\000/\0002\000]}{subsection.5.29.4}% 161
\BOOKMARK [3][-]{subsubsection.5.29.4.54}{\376\377\0005\000.\0002\0009\000.\0004\000.\0005\0004\000\040\000r\000e\000s\000i\000z\000e\000\050\000\051\000\040\000[\0002\000/\0002\000]}{subsection.5.29.4}% 162
\BOOKMARK [3][-]{subsubsection.5.29.4.55}{\376\377\0005\000.\0002\0009\000.\0004\000.\0005\0005\000\040\000s\000h\000r\000i\000n\000k\000\137\000t\000o\000\137\000f\000i\000t\000\050\000\051}{subsection.5.29.4}% 163
\BOOKMARK [3][-]{subsubsection.5.29.4.56}{\376\377\0005\000.\0002\0009\000.\0004\000.\0005\0006\000\040\000s\000i\000z\000e\000\050\000\051}{subsection.5.29.4}% 164
\BOOKMARK [3][-]{subsubsection.5.29.4.57}{\376\377\0005\000.\0002\0009\000.\0004\000.\0005\0007\000\040\000s\000w\000a\000p\000\050\000\051}{subsection.5.29.4}% 165
\BOOKMARK [1][-]{section.5.30}{\376\377\0005\000.\0003\0000\000\040\000v\000e\000c\000t\000o\000r\000<\000\040\000T\000\040\000>\000\040\000K\000l\000a\000s\001\027\000\040\001\140\000a\000b\000l\000o\000n\000a\000s}{chapter.5}% 166
\BOOKMARK [2][-]{subsection.5.30.1}{\376\377\0005\000.\0003\0000\000.\0001\000\040\000S\000m\000u\000l\000k\000u\000s\000\040\000a\000p\000r\000a\001\141\000y\000m\000a\000s}{section.5.30}% 167
\BOOKMARK [1][-]{section.5.31}{\376\377\0005\000.\0003\0001\000\040\000V\000e\000c\000t\000o\000r\000I\000t\000e\000r\000a\000t\000o\000r\000<\000\040\000T\000\040\000>\000\040\000K\000l\000a\000s\001\027\000\040\001\140\000a\000b\000l\000o\000n\000a\000s}{chapter.5}% 168
\BOOKMARK [2][-]{subsection.5.31.1}{\376\377\0005\000.\0003\0001\000.\0001\000\040\000S\000m\000u\000l\000k\000u\000s\000\040\000a\000p\000r\000a\001\141\000y\000m\000a\000s}{section.5.31}% 169
\BOOKMARK [2][-]{subsection.5.31.2}{\376\377\0005\000.\0003\0001\000.\0002\000\040\000T\000i\000p\000o\000\040\000A\000p\000r\000a\001\141\000y\000m\000o\000\040\000D\000o\000k\000u\000m\000e\000n\000t\000a\000c\000i\000j\000a}{section.5.31}% 170
\BOOKMARK [3][-]{subsubsection.5.31.2.1}{\376\377\0005\000.\0003\0001\000.\0002\000.\0001\000\040\000d\000i\000f\000f\000e\000r\000e\000n\000c\000e\000\137\000t\000y\000p\000e}{subsection.5.31.2}% 171
\BOOKMARK [3][-]{subsubsection.5.31.2.2}{\376\377\0005\000.\0003\0001\000.\0002\000.\0002\000\040\000i\000t\000e\000r\000a\000t\000o\000r\000\137\000c\000a\000t\000e\000g\000o\000r\000y}{subsection.5.31.2}% 172
\BOOKMARK [3][-]{subsubsection.5.31.2.3}{\376\377\0005\000.\0003\0001\000.\0002\000.\0003\000\040\000p\000o\000i\000n\000t\000e\000r}{subsection.5.31.2}% 173
\BOOKMARK [3][-]{subsubsection.5.31.2.4}{\376\377\0005\000.\0003\0001\000.\0002\000.\0004\000\040\000r\000e\000f\000e\000r\000e\000n\000c\000e}{subsection.5.31.2}% 174
\BOOKMARK [3][-]{subsubsection.5.31.2.5}{\376\377\0005\000.\0003\0001\000.\0002\000.\0005\000\040\000v\000a\000l\000u\000e\000\137\000t\000y\000p\000e}{subsection.5.31.2}% 175
\BOOKMARK [2][-]{subsection.5.31.3}{\376\377\0005\000.\0003\0001\000.\0003\000\040\000K\000o\000n\000s\000t\000r\000u\000k\000t\000o\000r\000i\000a\000u\000s\000\040\000i\000r\000\040\000D\000e\000s\000t\000r\000u\000k\000t\000o\000r\000i\000a\000u\000s\000\040\000D\000o\000k\000u\000m\000e\000n\000t\000a\000c\000i\000j\000a}{section.5.31}% 176
\BOOKMARK [3][-]{subsubsection.5.31.3.1}{\376\377\0005\000.\0003\0001\000.\0003\000.\0001\000\040\000V\000e\000c\000t\000o\000r\000I\000t\000e\000r\000a\000t\000o\000r\000\050\000\051}{subsection.5.31.3}% 177
\BOOKMARK [2][-]{subsection.5.31.4}{\376\377\0005\000.\0003\0001\000.\0004\000\040\000M\000e\000t\000o\000d\001\163\000\040\000D\000o\000k\000u\000m\000e\000n\000t\000a\000c\000i\000j\000a}{section.5.31}% 178
\BOOKMARK [3][-]{subsubsection.5.31.4.1}{\376\377\0005\000.\0003\0001\000.\0004\000.\0001\000\040\000o\000p\000e\000r\000a\000t\000o\000r\000!\000=\000\050\000\051}{subsection.5.31.4}% 179
\BOOKMARK [3][-]{subsubsection.5.31.4.2}{\376\377\0005\000.\0003\0001\000.\0004\000.\0002\000\040\000o\000p\000e\000r\000a\000t\000o\000r\000*\000\050\000\051}{subsection.5.31.4}% 180
\BOOKMARK [3][-]{subsubsection.5.31.4.3}{\376\377\0005\000.\0003\0001\000.\0004\000.\0003\000\040\000o\000p\000e\000r\000a\000t\000o\000r\000+\000\050\000\051}{subsection.5.31.4}% 181
\BOOKMARK [3][-]{subsubsection.5.31.4.4}{\376\377\0005\000.\0003\0001\000.\0004\000.\0004\000\040\000o\000p\000e\000r\000a\000t\000o\000r\000+\000+\000\050\000\051\000\040\000[\0001\000/\0002\000]}{subsection.5.31.4}% 182
\BOOKMARK [3][-]{subsubsection.5.31.4.5}{\376\377\0005\000.\0003\0001\000.\0004\000.\0005\000\040\000o\000p\000e\000r\000a\000t\000o\000r\000+\000+\000\050\000\051\000\040\000[\0002\000/\0002\000]}{subsection.5.31.4}% 183
\BOOKMARK [3][-]{subsubsection.5.31.4.6}{\376\377\0005\000.\0003\0001\000.\0004\000.\0006\000\040\000o\000p\000e\000r\000a\000t\000o\000r\000+\000=\000\050\000\051}{subsection.5.31.4}% 184
\BOOKMARK [3][-]{subsubsection.5.31.4.7}{\376\377\0005\000.\0003\0001\000.\0004\000.\0007\000\040\000o\000p\000e\000r\000a\000t\000o\000r\000-\000\050\000\051\000\040\000[\0001\000/\0002\000]}{subsection.5.31.4}% 185
\BOOKMARK [3][-]{subsubsection.5.31.4.8}{\376\377\0005\000.\0003\0001\000.\0004\000.\0008\000\040\000o\000p\000e\000r\000a\000t\000o\000r\000-\000\050\000\051\000\040\000[\0002\000/\0002\000]}{subsection.5.31.4}% 186
\BOOKMARK [3][-]{subsubsection.5.31.4.9}{\376\377\0005\000.\0003\0001\000.\0004\000.\0009\000\040\000o\000p\000e\000r\000a\000t\000o\000r\040\023\000\050\000\051\000\040\000[\0001\000/\0002\000]}{subsection.5.31.4}% 187
\BOOKMARK [3][-]{subsubsection.5.31.4.10}{\376\377\0005\000.\0003\0001\000.\0004\000.\0001\0000\000\040\000o\000p\000e\000r\000a\000t\000o\000r\040\023\000\050\000\051\000\040\000[\0002\000/\0002\000]}{subsection.5.31.4}% 188
\BOOKMARK [3][-]{subsubsection.5.31.4.11}{\376\377\0005\000.\0003\0001\000.\0004\000.\0001\0001\000\040\000o\000p\000e\000r\000a\000t\000o\000r\000-\000=\000\050\000\051}{subsection.5.31.4}% 189
\BOOKMARK [3][-]{subsubsection.5.31.4.12}{\376\377\0005\000.\0003\0001\000.\0004\000.\0001\0002\000\040\000o\000p\000e\000r\000a\000t\000o\000r\000-\000>\000\050\000\051}{subsection.5.31.4}% 190
\BOOKMARK [3][-]{subsubsection.5.31.4.13}{\376\377\0005\000.\0003\0001\000.\0004\000.\0001\0003\000\040\000o\000p\000e\000r\000a\000t\000o\000r\000<\000\050\000\051}{subsection.5.31.4}% 191
\BOOKMARK [3][-]{subsubsection.5.31.4.14}{\376\377\0005\000.\0003\0001\000.\0004\000.\0001\0004\000\040\000o\000p\000e\000r\000a\000t\000o\000r\000<\000=\000\050\000\051}{subsection.5.31.4}% 192
\BOOKMARK [3][-]{subsubsection.5.31.4.15}{\376\377\0005\000.\0003\0001\000.\0004\000.\0001\0005\000\040\000o\000p\000e\000r\000a\000t\000o\000r\000=\000=\000\050\000\051}{subsection.5.31.4}% 193
\BOOKMARK [3][-]{subsubsection.5.31.4.16}{\376\377\0005\000.\0003\0001\000.\0004\000.\0001\0006\000\040\000o\000p\000e\000r\000a\000t\000o\000r\000>\000\050\000\051}{subsection.5.31.4}% 194
\BOOKMARK [3][-]{subsubsection.5.31.4.17}{\376\377\0005\000.\0003\0001\000.\0004\000.\0001\0007\000\040\000o\000p\000e\000r\000a\000t\000o\000r\000>\000=\000\050\000\051}{subsection.5.31.4}% 195
\BOOKMARK [3][-]{subsubsection.5.31.4.18}{\376\377\0005\000.\0003\0001\000.\0004\000.\0001\0008\000\040\000o\000p\000e\000r\000a\000t\000o\000r\000[\000]\000\050\000\051}{subsection.5.31.4}% 196
\BOOKMARK [1][-]{section.5.32}{\376\377\0005\000.\0003\0002\000\040\000V\000e\000c\000t\000o\000r\000T\000e\000s\000t\000\040\000K\000l\000a\000s\001\027}{chapter.5}% 197
\BOOKMARK [2][-]{subsection.5.32.1}{\376\377\0005\000.\0003\0002\000.\0001\000\040\000S\000m\000u\000l\000k\000u\000s\000\040\000a\000p\000r\000a\001\141\000y\000m\000a\000s}{section.5.32}% 198
\BOOKMARK [2][-]{subsection.5.32.2}{\376\377\0005\000.\0003\0002\000.\0002\000\040\000A\000t\000r\000i\000b\000u\000t\001\163\000\040\000D\000o\000k\000u\000m\000e\000n\000t\000a\000c\000i\000j\000a}{section.5.32}% 199
\BOOKMARK [3][-]{subsubsection.5.32.2.1}{\376\377\0005\000.\0003\0002\000.\0002\000.\0001\000\040\000v}{subsection.5.32.2}% 200
\BOOKMARK [1][-]{section.5.33}{\376\377\0005\000.\0003\0003\000\040\000Z\000m\000o\000g\000u\000s\000\040\000K\000l\000a\000s\001\027}{chapter.5}% 201
\BOOKMARK [2][-]{subsection.5.33.1}{\376\377\0005\000.\0003\0003\000.\0001\000\040\000S\000m\000u\000l\000k\000u\000s\000\040\000a\000p\000r\000a\001\141\000y\000m\000a\000s}{section.5.33}% 202
\BOOKMARK [2][-]{subsection.5.33.2}{\376\377\0005\000.\0003\0003\000.\0002\000\040\000K\000o\000n\000s\000t\000r\000u\000k\000t\000o\000r\000i\000a\000u\000s\000\040\000i\000r\000\040\000D\000e\000s\000t\000r\000u\000k\000t\000o\000r\000i\000a\000u\000s\000\040\000D\000o\000k\000u\000m\000e\000n\000t\000a\000c\000i\000j\000a}{section.5.33}% 203
\BOOKMARK [3][-]{subsubsection.5.33.2.1}{\376\377\0005\000.\0003\0003\000.\0002\000.\0001\000\040\000Z\000m\000o\000g\000u\000s\000\050\000\051\000\040\000[\0001\000/\0002\000]}{subsection.5.33.2}% 204
\BOOKMARK [3][-]{subsubsection.5.33.2.2}{\376\377\0005\000.\0003\0003\000.\0002\000.\0002\000\040\000Z\000m\000o\000g\000u\000s\000\050\000\051\000\040\000[\0002\000/\0002\000]}{subsection.5.33.2}% 205
\BOOKMARK [3][-]{subsubsection.5.33.2.3}{\376\377\0005\000.\0003\0003\000.\0002\000.\0003\000\040\000~\000Z\000m\000o\000g\000u\000s\000\050\000\051}{subsection.5.33.2}% 206
\BOOKMARK [2][-]{subsection.5.33.3}{\376\377\0005\000.\0003\0003\000.\0003\000\040\000M\000e\000t\000o\000d\001\163\000\040\000D\000o\000k\000u\000m\000e\000n\000t\000a\000c\000i\000j\000a}{section.5.33}% 207
\BOOKMARK [3][-]{subsubsection.5.33.3.1}{\376\377\0005\000.\0003\0003\000.\0003\000.\0001\000\040\000g\000e\000t\000I\000n\000f\000o\000\050\000\051}{subsection.5.33.3}% 208
\BOOKMARK [3][-]{subsubsection.5.33.3.2}{\376\377\0005\000.\0003\0003\000.\0003\000.\0002\000\040\000g\000e\000t\000P\000a\000v\000a\000r\000d\000e\000\050\000\051}{subsection.5.33.3}% 209
\BOOKMARK [3][-]{subsubsection.5.33.3.3}{\376\377\0005\000.\0003\0003\000.\0003\000.\0003\000\040\000g\000e\000t\000V\000a\000r\000d\000a\000s\000\050\000\051}{subsection.5.33.3}% 210
\BOOKMARK [3][-]{subsubsection.5.33.3.4}{\376\377\0005\000.\0003\0003\000.\0003\000.\0004\000\040\000s\000e\000t\000P\000a\000v\000a\000r\000d\000e\000\050\000\051}{subsection.5.33.3}% 211
\BOOKMARK [3][-]{subsubsection.5.33.3.5}{\376\377\0005\000.\0003\0003\000.\0003\000.\0005\000\040\000s\000e\000t\000V\000a\000r\000d\000a\000s\000\050\000\051}{subsection.5.33.3}% 212
\BOOKMARK [2][-]{subsection.5.33.4}{\376\377\0005\000.\0003\0003\000.\0004\000\040\000D\000r\000a\000u\000g\000i\001\141\000k\001\163\000\040\000I\000r\000\040\000S\000u\000s\000i\000j\000u\000s\000i\001\163\000\040\000F\000u\000n\000k\000c\000i\000j\001\163\000\040\000D\000o\000k\000u\000m\000e\000n\000t\000a\000c\000i\000j\000a}{section.5.33}% 213
\BOOKMARK [3][-]{subsubsection.5.33.4.1}{\376\377\0005\000.\0003\0003\000.\0004\000.\0001\000\040\000o\000p\000e\000r\000a\000t\000o\000r\000<\000<}{subsection.5.33.4}% 214
\BOOKMARK [2][-]{subsection.5.33.5}{\376\377\0005\000.\0003\0003\000.\0005\000\040\000A\000t\000r\000i\000b\000u\000t\001\163\000\040\000D\000o\000k\000u\000m\000e\000n\000t\000a\000c\000i\000j\000a}{section.5.33}% 215
\BOOKMARK [3][-]{subsubsection.5.33.5.1}{\376\377\0005\000.\0003\0003\000.\0005\000.\0001\000\040\000p\000a\000v\000a\000r\000d\000e\000\137}{subsection.5.33.5}% 216
\BOOKMARK [3][-]{subsubsection.5.33.5.2}{\376\377\0005\000.\0003\0003\000.\0005\000.\0002\000\040\000v\000a\000r\000d\000a\000s\000\137}{subsection.5.33.5}% 217
\BOOKMARK [0][-]{chapter.6}{\376\377\0006\000\040\000F\000a\000i\000l\000o\000\040\000D\000o\000k\000u\000m\000e\000n\000t\000a\000c\000i\000j\000a}{}% 218
\BOOKMARK [1][-]{section.6.1}{\376\377\0006\000.\0001\000\040\000d\000u\000o\000m\000e\000n\000u\000\137\000v\000a\000l\000d\000y\000m\000a\000s\000.\000c\000p\000p}{chapter.6}% 219
\BOOKMARK [1][-]{section.6.2}{\376\377\0006\000.\0002\000\040\000i\000n\000p\000u\000t\000.\000c\000p\000p}{chapter.6}% 220
\BOOKMARK [1][-]{section.6.3}{\376\377\0006\000.\0003\000\040\000m\000a\000t\000\137\000f\000u\000n\000k\000c\000i\000j\000o\000s\000.\000c\000p\000p}{chapter.6}% 221
\BOOKMARK [1][-]{section.6.4}{\376\377\0006\000.\0004\000\040\000m\000e\000n\000u\000.\000c\000p\000p}{chapter.6}% 222
\BOOKMARK [1][-]{section.6.5}{\376\377\0006\000.\0005\000\040\000o\000u\000t\000p\000u\000t\000.\000c\000p\000p}{chapter.6}% 223
\BOOKMARK [1][-]{section.6.6}{\376\377\0006\000.\0006\000\040\000r\000e\000a\000l\000l\000o\000c\000a\000t\000i\000o\000n\000\137\000c\000o\000m\000p\000a\000r\000i\000s\000o\000n\000.\000c\000p\000p}{chapter.6}% 224
\BOOKMARK [1][-]{section.6.7}{\376\377\0006\000.\0007\000\040\000S\000t\000u\000d\000e\000n\000t\000a\000s\000.\000c\000p\000p}{chapter.6}% 225
\BOOKMARK [1][-]{section.6.8}{\376\377\0006\000.\0008\000\040\000t\000e\000s\000t\000a\000v\000i\000m\000a\000s\000.\000c\000p\000p}{chapter.6}% 226
\BOOKMARK [1][-]{section.6.9}{\376\377\0006\000.\0009\000\040\000Z\000m\000o\000g\000u\000s\000.\000c\000p\000p}{chapter.6}% 227
\BOOKMARK [1][-]{section.6.10}{\376\377\0006\000.\0001\0000\000\040\000d\000u\000o\000m\000e\000n\000u\000\137\000v\000a\000l\000d\000y\000m\000a\000s\000.\000h}{chapter.6}% 228
\BOOKMARK [1][-]{section.6.11}{\376\377\0006\000.\0001\0001\000\040\000i\000n\000p\000u\000t\000.\000h}{chapter.6}% 229
\BOOKMARK [1][-]{section.6.12}{\376\377\0006\000.\0001\0002\000\040\000M\000a\000t\000\137\000f\000u\000n\000k\000c\000i\000j\000o\000s\000.\000h}{chapter.6}% 230
\BOOKMARK [1][-]{section.6.13}{\376\377\0006\000.\0001\0003\000\040\000m\000e\000n\000u\000.\000h}{chapter.6}% 231
\BOOKMARK [1][-]{section.6.14}{\376\377\0006\000.\0001\0004\000\040\000o\000u\000t\000p\000u\000t\000.\000h}{chapter.6}% 232
\BOOKMARK [1][-]{section.6.15}{\376\377\0006\000.\0001\0005\000\040\000S\000t\000u\000d\000e\000n\000t\000a\000s\000.\000h}{chapter.6}% 233
\BOOKMARK [1][-]{section.6.16}{\376\377\0006\000.\0001\0006\000\040\000t\000e\000s\000t\000a\000v\000i\000m\000a\000s\000.\000h}{chapter.6}% 234
\BOOKMARK [1][-]{section.6.17}{\376\377\0006\000.\0001\0007\000\040\000V\000e\000c\000t\000o\000r\000.\000h}{chapter.6}% 235
\BOOKMARK [1][-]{section.6.18}{\376\377\0006\000.\0001\0008\000\040\000Z\000m\000o\000g\000u\000s\000.\000h}{chapter.6}% 236
\BOOKMARK [1][-]{section.6.19}{\376\377\0006\000.\0001\0009\000\040\000o\000b\000j\000e\000k\000t\0001\000u\000z\000d\000.\000c\000p\000p}{chapter.6}% 237
\BOOKMARK [1][-]{section.6.20}{\376\377\0006\000.\0002\0000\000\040\000t\000e\000s\000t\000\137\000s\000t\000u\000d\000e\000n\000t\000a\000s\000.\000c\000p\000p}{chapter.6}% 238
\BOOKMARK [0][-]{chapter.7}{\376\377\0007\000\040\000P\000a\000v\000y\000z\000d\001\176\000i\000a\000i}{}% 239
\BOOKMARK [1][-]{section.7.1}{\376\377\0007\000.\0001\000\040\000C\000:\000/\000U\000s\000e\000r\000s\000/\000d\000i\000t\000a\000s\000/\000s\000o\000u\000r\000c\000e\000/\000r\000e\000p\000o\000s\000/\000d\000i\000t\000a\000s\000s\000i\000m\000o\000l\000i\000u\000n\000a\000s\000-\000p\000r\000o\000g\000/\000o\000b\000j\000e\000k\000t\000u\000z\000d\000v\0003\000/\000h\000e\000a\000d\000e\000r\000\137\000f\000i\000l\000e\000s\000/\000V\000e\000c\000t\000o\000r\000.\000h}{chapter.7}% 240
\BOOKMARK [0][-]{section*.100}{\376\377\000R\000o\000d\000y\000k\000l\001\027}{}% 241
